E:\power_control\power_control\Core\Src\main.c:76:5:main	8	static
E:\power_control\power_control\Core\Src\main.c:125:6:SystemClock_Config	96	static
E:\power_control\power_control\Core\Src\main.c:166:13:MX_ADC1_Init	24	static
E:\power_control\power_control\Core\Src\main.c:225:13:MX_FDCAN2_Init	8	static
E:\power_control\power_control\Core\Src\main.c:268:13:MX_TIM1_Init	104	static
E:\power_control\power_control\Core\Src\main.c:340:13:MX_TIM14_Init	40	static
E:\power_control\power_control\Core\Src\main.c:386:13:MX_TIM16_Init	88	static
E:\power_control\power_control\Core\Src\main.c:449:13:MX_GPIO_Init	48	static
E:\power_control\power_control\Core\Src\main.c:480:6:Error_Handler	8	static
